// Jest Snapshot v1, https://goo.gl/fbAQLP

exports[`renders the elements 1`] = `
Vue {
  "$attrs": Object {},
  "$children": Array [],
  "$createElement": [Function],
  "$listeners": Object {},
  "$options": Object {
    "_base": [Function],
    "components": Object {},
    "data": [Function],
    "directives": Object {},
    "filters": Object {},
    "methods": Object {
      "addComments": [Function],
    },
    "render": [Function],
    "staticRenderFns": Array [],
  },
  "$parent": undefined,
  "$refs": Object {},
  "$root": [Circular],
  "$scopedSlots": Object {},
  "$slots": Object {},
  "$vnode": undefined,
  "_c": [Function],
  "_data": Object {
    "commentBody": "",
    "isDisable": false,
  },
  "_directInactive": false,
  "_events": Object {
    "submit": Array [
      [Function],
    ],
  },
  "_hasHookEvent": false,
  "_inactive": null,
  "_isBeingDestroyed": false,
  "_isDestroyed": false,
  "_isMounted": false,
  "_isVue": true,
  "_renderProxy": Vue {
    "$attrs": Object {},
    "$children": Array [],
    "$createElement": [Function],
    "$listeners": Object {},
    "$options": Object {
      "_base": [Function],
      "components": Object {},
      "data": [Function],
      "directives": Object {},
      "filters": Object {},
      "methods": Object {
        "addComments": [Function],
      },
      "render": [Function],
      "staticRenderFns": Array [],
    },
    "$parent": undefined,
    "$refs": Object {},
    "$root": [Circular],
    "$scopedSlots": Object {},
    "$slots": Object {},
    "$vnode": undefined,
    "_c": [Function],
    "_data": Object {
      "commentBody": "",
      "isDisable": false,
    },
    "_directInactive": false,
    "_events": Object {
      "submit": Array [
        [Function],
      ],
    },
    "_hasHookEvent": false,
    "_inactive": null,
    "_isBeingDestroyed": false,
    "_isDestroyed": false,
    "_isMounted": false,
    "_isVue": true,
    "_renderProxy": [Circular],
    "_self": [Circular],
    "_staticTrees": null,
    "_uid": 0,
    "_vnode": null,
    "_watcher": null,
    "_watchers": Array [],
    "addComments": [Function],
    "commentBody": "",
    "isDisable": false,
  },
  "_self": [Circular],
  "_staticTrees": null,
  "_uid": 0,
  "_vnode": null,
  "_watcher": null,
  "_watchers": Array [],
  "addComments": [Function],
  "commentBody": "",
  "isDisable": false,
}
`;
